// Jest Snapshot v1, https://goo.gl/fbAQLP

exports[`test geometry transform should generate valid quaternions of all bones of sequence #0 frame #0 1`] = `
Array [
  Float32Array [
    -0.004799471702426672,
    0.15218494832515717,
    0.018867794424295425,
    0.988160252571106,
  ],
  Float32Array [
    -0.5000860095024109,
    -0.4999139904975891,
    -0.4999133348464966,
    0.5000866651535034,
  ],
  Float32Array [
    0.006595461629331112,
    0.020313262939453125,
    0.1068110316991806,
    0.9940499067306519,
  ],
  Float32Array [
    0.008692536503076553,
    0.021258439868688583,
    0.010715355165302753,
    0.9996787905693054,
  ],
  Float32Array [
    0.008702714927494526,
    0.021260591223835945,
    0.010727975517511368,
    0.9996785521507263,
  ],
  Float32Array [
    0.008693789131939411,
    0.02125825360417366,
    0.010699929669499397,
    0.9996789693832397,
  ],
  Float32Array [
    0.009485488757491112,
    -0.020114557817578316,
    0.12137843668460846,
    0.9923571348190308,
  ],
  Float32Array [
    -0.06367320567369461,
    -0.049618422985076904,
    -0.16836953163146973,
    0.9824130535125732,
  ],
  Float32Array [
    0.7041451334953308,
    -0.06465106457471848,
    0.7041449546813965,
    0.06465108692646027,
  ],
  Float32Array [
    -0.6469963788986206,
    0.11803785711526871,
    -0.75081467628479,
    -0.06115631014108658,
  ],
  Float32Array [
    -0.18861521780490875,
    0.19299238920211792,
    -0.046497635543346405,
    0.9617776274681091,
  ],
  Float32Array [
    0,
    0,
    -0.5390031933784485,
    0.8423037528991699,
  ],
  Float32Array [
    -0.7544722557067871,
    -0.09065550565719604,
    -0.1825445145368576,
    0.6238835453987122,
  ],
  Float32Array [
    0.680263876914978,
    0.31664273142814636,
    0.05635828897356987,
    0.6586365699768066,
  ],
  Float32Array [
    0,
    0,
    0.00001362909097224474,
    1,
  ],
  Float32Array [
    -0.0003964841889683157,
    0.00003817445758613758,
    0.09584566205739975,
    0.9953961372375488,
  ],
  Float32Array [
    0,
    0,
    0.19596080482006073,
    0.9806117415428162,
  ],
  Float32Array [
    0,
    0,
    0.09887245297431946,
    0.9951001405715942,
  ],
  Float32Array [
    -0.7507283687591553,
    0,
    0,
    0.6606110334396362,
  ],
  Float32Array [
    -0.7349988222122192,
    -0.048081520944833755,
    -0.10016971826553345,
    0.6689028143882751,
  ],
  Float32Array [
    0,
    0,
    -0.87721186876297,
    0.4801034927368164,
  ],
  Float32Array [
    0.09173112362623215,
    0,
    0,
    0.995783805847168,
  ],
  Float32Array [
    -0.1474485993385315,
    0.17346057295799255,
    -0.059680450707674026,
    0.971909761428833,
  ],
  Float32Array [
    -0.07327695190906525,
    0.08622408658266068,
    -0.029674522578716278,
    0.993134081363678,
  ],
  Float32Array [
    0.6267435550689697,
    0.0034987579565495253,
    -0.7619068026542664,
    -0.16333486139774323,
  ],
  Float32Array [
    0.33983704447746277,
    -0.17161209881305695,
    -0.36388099193573,
    0.8500886559486389,
  ],
  Float32Array [
    0,
    0,
    -0.6584745645523071,
    0.7526029944419861,
  ],
  Float32Array [
    0.8480516672134399,
    0.32208484411239624,
    0.07048605382442474,
    0.4148511290550232,
  ],
  Float32Array [
    -0.749502420425415,
    -0.035509876906871796,
    0.30153805017471313,
    0.5882685780525208,
  ],
  Float32Array [
    0,
    0,
    0.00000832806108519435,
    1,
  ],
  Float32Array [
    0.0003964841889683157,
    -0.00003817445758613758,
    0.09584566205739975,
    0.9953961372375488,
  ],
  Float32Array [
    0,
    0,
    0.875031590461731,
    0.48406580090522766,
  ],
  Float32Array [
    0,
    0,
    0.5081860423088074,
    0.8612473011016846,
  ],
  Float32Array [
    0.7981335520744324,
    0.17133747041225433,
    0.03878134861588478,
    0.5763005614280701,
  ],
  Float32Array [
    0.8172662854194641,
    0,
    0,
    0.5762602090835571,
  ],
  Float32Array [
    0,
    0,
    -0.9106243252754211,
    0.41323527693748474,
  ],
  Float32Array [
    -0.12199254333972931,
    0,
    0,
    0.9925310015678406,
  ],
  Float32Array [
    0.11555688083171844,
    -0.05633307248353958,
    -0.12357725203037262,
    0.9839724898338318,
  ],
  Float32Array [
    0.11555688083171844,
    -0.05633307248353958,
    -0.12357725203037262,
    0.9839724898338318,
  ],
  Float32Array [
    0,
    0,
    0,
    1,
  ],
  Float32Array [
    0.1541273593902588,
    0.9878976941108704,
    0.0070537687279284,
    0.015910178422927856,
  ],
  Float32Array [
    -0.1185717061161995,
    -0.9920470714569092,
    -0.02797525003552437,
    0.031634844839572906,
  ],
  Float32Array [
    -0.210211843252182,
    -0.9748041033744812,
    -0.04315834119915962,
    0.06087110564112663,
  ],
  Float32Array [
    0,
    0,
    -0.7982310056686401,
    0.6023514270782471,
  ],
  Float32Array [
    0.06686011701822281,
    0.04798000678420067,
    -0.019783616065979004,
    0.9964116811752319,
  ],
  Float32Array [
    0,
    0,
    0.7071066498756409,
    0.70710688829422,
  ],
  Float32Array [
    0.033592090010643005,
    0.02680923417210579,
    -0.01065233163535595,
    0.999019205570221,
  ],
  Float32Array [
    0,
    0,
    -0.9013131856918335,
    0.4331679940223694,
  ],
  Float32Array [
    0.23054151237010956,
    0.9726744294166565,
    0.009628857485949993,
    0.025736454874277115,
  ],
  Float32Array [
    0,
    0,
    -0.335235059261322,
    0.9421344995498657,
  ],
  Float32Array [
    -0.1563543826341629,
    0.058718886226415634,
    -0.311870813369751,
    0.9353299140930176,
  ],
  Float32Array [
    0,
    0,
    0.7071066498756409,
    0.70710688829422,
  ],
  Float32Array [
    -0.10863108932971954,
    0.043580129742622375,
    -0.21775686740875244,
    0.9689592123031616,
  ],
  Float32Array [
    0,
    0,
    -0.7582980990409851,
    0.6519079804420471,
  ],
  Float32Array [
    -0.03363533690571785,
    0.7063062191009521,
    0.033635325729846954,
    0.7063064575195312,
  ],
]
`;

exports[`test geometry transform should generate valid quaternions of all bones of sequence #63 frame #0 1`] = `
Array [
  Float32Array [
    -0.012939250096678734,
    0.08713912218809128,
    0.0018899025162681937,
    0.9961103200912476,
  ],
  Float32Array [
    -0.5000860095024109,
    -0.4999139904975891,
    -0.4999133348464966,
    0.5000866651535034,
  ],
  Float32Array [
    -0.005472090095281601,
    0.05462387949228287,
    -0.11688661575317383,
    0.9916268587112427,
  ],
  Float32Array [
    0.00010265689343214035,
    -0.032688386738300323,
    0.2165307253599167,
    0.9757283926010132,
  ],
  Float32Array [
    0.0003570683184079826,
    -0.047043576836586,
    0.056811634451150894,
    0.9972758889198303,
  ],
  Float32Array [
    -0.004818901419639587,
    -0.03291627764701843,
    0.00440305657684803,
    0.9994367957115173,
  ],
  Float32Array [
    0.039345476776361465,
    0.039777517318725586,
    0.10371457040309906,
    0.9930322170257568,
  ],
  Float32Array [
    -0.005348007660359144,
    0.051601238548755646,
    -0.10632658004760742,
    0.9929770231246948,
  ],
  Float32Array [
    0.7041451334953308,
    -0.06465106457471848,
    0.7041449546813965,
    0.06465108692646027,
  ],
  Float32Array [
    -0.6146703362464905,
    0.040922682732343674,
    -0.7811240553855896,
    -0.10173933953046799,
  ],
  Float32Array [
    0.2939470112323761,
    0.04987672343850136,
    -0.31713855266571045,
    0.9002947211265564,
  ],
  Float32Array [
    0,
    0,
    -0.889046311378479,
    0.45781731605529785,
  ],
  Float32Array [
    -0.6499326229095459,
    -0.525184690952301,
    -0.5412878394126892,
    0.09368102252483368,
  ],
  Float32Array [
    0.6655663847923279,
    0.6043691039085388,
    0.20720736682415009,
    0.3857777416706085,
  ],
  Float32Array [
    0,
    0,
    0.21217098832130432,
    0.9772325754165649,
  ],
  Float32Array [
    -0.15792584419250488,
    -0.37113043665885925,
    0.2593965232372284,
    0.8775164484977722,
  ],
  Float32Array [
    0,
    0,
    0.5756396055221558,
    0.8177034854888916,
  ],
  Float32Array [
    0,
    0,
    0.3015154302120209,
    0.9534612894058228,
  ],
  Float32Array [
    -0.9885379672050476,
    -0,
    0,
    -0.1509726494550705,
  ],
  Float32Array [
    -0.780963659286499,
    -0.30454447865486145,
    -0.3051120638847351,
    0.45194584131240845,
  ],
  Float32Array [
    0,
    0,
    -0.9718656539916992,
    0.23553575575351715,
  ],
  Float32Array [
    -0.10857545584440231,
    0,
    0,
    0.9940882325172424,
  ],
  Float32Array [
    0.19185233116149902,
    0.025226710364222527,
    -0.24388378858566284,
    0.9503036141395569,
  ],
  Float32Array [
    0.09373097866773605,
    0.012407815083861351,
    -0.11920259892940521,
    0.9883579015731812,
  ],
  Float32Array [
    0.674963653087616,
    -0.10094623267650604,
    -0.7291377782821655,
    -0.050912272185087204,
  ],
  Float32Array [
    -0.203435018658638,
    -0.17228375375270844,
    -0.3036928176879883,
    0.9147148132324219,
  ],
  Float32Array [
    0,
    0,
    -0.8664325475692749,
    0.4992941617965698,
  ],
  Float32Array [
    0.9069172143936157,
    0.32464656233787537,
    -0.08432366698980331,
    0.25494176149368286,
  ],
  Float32Array [
    -0.5969521403312683,
    -0.5929967164993286,
    0.03498036414384842,
    0.5392396450042725,
  ],
  Float32Array [
    0,
    0,
    0.5983168482780457,
    0.8012595772743225,
  ],
  Float32Array [
    0.19265742599964142,
    0.1705809086561203,
    0.047890134155750275,
    0.9651382565498352,
  ],
  Float32Array [
    0,
    0,
    0.5756474733352661,
    0.8176980018615723,
  ],
  Float32Array [
    0,
    0,
    0.30151835083961487,
    0.9534603953361511,
  ],
  Float32Array [
    0.8450719714164734,
    0.17375780642032623,
    -0.045402999967336655,
    0.5035873055458069,
  ],
  Float32Array [
    0.8674498796463013,
    0,
    0,
    0.49752455949783325,
  ],
  Float32Array [
    0,
    0,
    -0.9660311341285706,
    0.25842583179473877,
  ],
  Float32Array [
    0.055389583110809326,
    0,
    0,
    0.998464822769165,
  ],
  Float32Array [
    -0.06260745227336884,
    -0.06369221210479736,
    -0.1130840852856636,
    0.9895633459091187,
  ],
  Float32Array [
    -0.06260745227336884,
    -0.06369221210479736,
    -0.1130840852856636,
    0.9895633459091187,
  ],
  Float32Array [
    0,
    0,
    0,
    1,
  ],
  Float32Array [
    0.11684081703424454,
    0.9682016968727112,
    -0.19173875451087952,
    0.11031729727983475,
  ],
  Float32Array [
    -0.2353234887123108,
    -0.971868634223938,
    -0.0030568866059184074,
    0.009211409837007523,
  ],
  Float32Array [
    -0.4728055000305176,
    -0.8810155987739563,
    -0.003828546265140176,
    0.015868613496422768,
  ],
  Float32Array [
    0,
    0,
    -0.5080231428146362,
    0.8613433837890625,
  ],
  Float32Array [
    -0.051319949328899384,
    0.0021493008825927973,
    0.057299647480249405,
    0.9970347881317139,
  ],
  Float32Array [
    0,
    0,
    0.7405005693435669,
    0.6720557808876038,
  ],
  Float32Array [
    -0.025767184793949127,
    0.001200172584503889,
    0.030785711482167244,
    0.9991930723190308,
  ],
  Float32Array [
    0,
    0,
    -0.8114479780197144,
    0.584424614906311,
  ],
  Float32Array [
    0.17789602279663086,
    0.9179186224937439,
    -0.3018943965435028,
    0.18611325323581696,
  ],
  Float32Array [
    0,
    0,
    -0.5492596626281738,
    0.835651695728302,
  ],
  Float32Array [
    -0.007973764091730118,
    0.15984252095222473,
    0.31294527649879456,
    0.9361901879310608,
  ],
  Float32Array [
    0,
    0,
    0.7879909873008728,
    0.6156867742538452,
  ],
  Float32Array [
    -0.004422259517014027,
    0.11499853432178497,
    0.21595627069473267,
    0.9695971608161926,
  ],
  Float32Array [
    0,
    0,
    -0.8240566253662109,
    0.5665073990821838,
  ],
  Float32Array [
    -0.03363533690571785,
    0.7063062191009521,
    0.033635325729846954,
    0.7063064575195312,
  ],
]
`;
